\BOOKMARK [1][-]{section.2}{Geodesics \(Hartle 8-3\)}{}% 1
\BOOKMARK [1][-]{section.7}{Limits of the equivalence principle}{}% 2
\BOOKMARK [1][-]{section.19}{Volume elements, I}{}% 3
\BOOKMARK [1][-]{section.25}{Volume elements, II}{}% 4
\BOOKMARK [1][-]{section.35}{Newtonian Gravitational Tidal Force}{}% 5
\BOOKMARK [1][-]{section.43}{``Einsteinian'' Gravitational Tidal Force}{}% 6
\BOOKMARK [1][-]{section.45}{Expanding Universe}{}% 7
\BOOKMARK [1][-]{section.59}{Christoffels of the Poincare Half Plane}{}% 8
\BOOKMARK [1][-]{section.62}{Properties of The Covariant Derivative}{}% 9
\BOOKMARK [1][-]{section.73}{Properties of the Riemann Tensor}{}% 10
